// Vitest Snapshot v1, https://vitest.dev/guide/snapshot.html

exports[`NewDealModal Component > create NewDealModal snapshot 1`] = `<DocumentFragment />`;
